<testsuites id="" name="" tests="1" failures="1" skipped="0" errors="0" time="6.3182719999999994">
<testsuite name="example.spec.ts" timestamp="2026-01-16T01:12:14.239Z" hostname="chromium" tests="1" failures="1" skipped="0" time="0.018" errors="0">
<testcase name="Example Test Suite › should load homepage" classname="example.spec.ts" time="0.018">
<failure message="example.spec.ts:4:3 should load homepage" type="FAILURE">
<![CDATA[  [chromium] › example.spec.ts:4:3 › Example Test Suite › should load homepage ─────────────────────

    Error: browserType.launch: Target page, context or browser has been closed
    Browser logs:

    <launching> /home/pascal/.cache/ms-playwright/chromium_headless_shell-1200/chrome-headless-shell-linux64/chrome-headless-shell --disable-field-trial-config --disable-background-networking --disable-background-timer-throttling --disable-backgrounding-occluded-windows --disable-back-forward-cache --disable-breakpad --disable-client-side-phishing-detection --disable-component-extensions-with-background-pages --disable-component-update --no-default-browser-check --disable-default-apps --disable-dev-shm-usage --disable-extensions --disable-features=AcceptCHFrame,AvoidUnnecessaryBeforeUnloadCheckSync,DestroyProfileOnBrowserClose,DialMediaRouteProvider,GlobalMediaControls,HttpsUpgrades,LensOverlay,MediaRouter,PaintHolding,ThirdPartyStoragePartitioning,Translate,AutoDeElevate,RenderDocument,OptimizationHints --enable-features=CDPScreenshotNewSurface --allow-pre-commit-input --disable-hang-monitor --disable-ipc-flooding-protection --disable-popup-blocking --disable-prompt-on-repost --disable-renderer-backgrounding --force-color-profile=srgb --metrics-recording-only --no-first-run --password-store=basic --use-mock-keychain --no-service-autorun --export-tagged-pdf --disable-search-engine-choice-screen --unsafely-disable-devtools-self-xss-warnings --edge-skip-compat-layer-relaunch --enable-automation --disable-infobars --disable-search-engine-choice-screen --disable-sync --headless --hide-scrollbars --mute-audio --blink-settings=primaryHoverType=2,availableHoverTypes=2,primaryPointerType=4,availablePointerTypes=4 --no-sandbox --user-data-dir=/tmp/playwright_chromiumdev_profile-7idlKk --remote-debugging-pipe --no-startup-window
    <launched> pid=32226
    [pid=32226][err] /home/pascal/.cache/ms-playwright/chromium_headless_shell-1200/chrome-headless-shell-linux64/chrome-headless-shell: error while loading shared libraries: libasound.so.2: cannot open shared object file: No such file or directory
    Call log:
      - <launching> /home/pascal/.cache/ms-playwright/chromium_headless_shell-1200/chrome-headless-shell-linux64/chrome-headless-shell --disable-field-trial-config --disable-background-networking --disable-background-timer-throttling --disable-backgrounding-occluded-windows --disable-back-forward-cache --disable-breakpad --disable-client-side-phishing-detection --disable-component-extensions-with-background-pages --disable-component-update --no-default-browser-check --disable-default-apps --disable-dev-shm-usage --disable-extensions --disable-features=AcceptCHFrame,AvoidUnnecessaryBeforeUnloadCheckSync,DestroyProfileOnBrowserClose,DialMediaRouteProvider,GlobalMediaControls,HttpsUpgrades,LensOverlay,MediaRouter,PaintHolding,ThirdPartyStoragePartitioning,Translate,AutoDeElevate,RenderDocument,OptimizationHints --enable-features=CDPScreenshotNewSurface --allow-pre-commit-input --disable-hang-monitor --disable-ipc-flooding-protection --disable-popup-blocking --disable-prompt-on-repost --disable-renderer-backgrounding --force-color-profile=srgb --metrics-recording-only --no-first-run --password-store=basic --use-mock-keychain --no-service-autorun --export-tagged-pdf --disable-search-engine-choice-screen --unsafely-disable-devtools-self-xss-warnings --edge-skip-compat-layer-relaunch --enable-automation --disable-infobars --disable-search-engine-choice-screen --disable-sync --headless --hide-scrollbars --mute-audio --blink-settings=primaryHoverType=2,availableHoverTypes=2,primaryPointerType=4,availablePointerTypes=4 --no-sandbox --user-data-dir=/tmp/playwright_chromiumdev_profile-7idlKk --remote-debugging-pipe --no-startup-window
      - <launched> pid=32226
      - [pid=32226][err] /home/pascal/.cache/ms-playwright/chromium_headless_shell-1200/chrome-headless-shell-linux64/chrome-headless-shell: error while loading shared libraries: libasound.so.2: cannot open shared object file: No such file or directory
      - [pid=32226] <gracefully close start>
      - [pid=32226] <kill>
      - [pid=32226] <will force kill>
      - [pid=32226] exception while trying to kill process: Error: kill ESRCH
      - [pid=32226] <process did exit: exitCode=127, signal=null>
      - [pid=32226] starting temporary directories cleanup
      - [pid=32226] finished temporary directories cleanup
      - [pid=32226] <gracefully close end>


    attachment #1: trace (application/zip) ─────────────────────────────────────────────────────────
    ../../test-results/example-Example-Test-Suite-should-load-homepage-chromium/trace.zip
    Usage:

        npx playwright show-trace ../../test-results/example-Example-Test-Suite-should-load-homepage-chromium/trace.zip

    ────────────────────────────────────────────────────────────────────────────────────────────────
]]>
</failure>
<system-out>
<![CDATA[
[[ATTACHMENT|example-Example-Test-Suite-should-load-homepage-chromium/trace.zip]]
]]>
</system-out>
</testcase>
</testsuite>
</testsuites>